// Jest Snapshot v1, https://goo.gl/fbAQLP

exports[`Login should render the component 1`] = `
Object {
  "asFragment": [Function],
  "baseElement": <body>
    <div>
      <div
        class="containerLogin"
      >
        <div
          class="brand-logo"
        />
        <h1
          class="brand-title"
          data-testid="login-heading"
        >
          Employee Poll
        </h1>
        <form>
          <div>
            <label
              class="labelLogin"
              for="username"
            >
              Username
            </label>
            <div>
              <input
                class="inputLogin inputs"
                data-testid="username"
                id="username"
                name="username"
                type="text"
                value="zoshikanlu"
              />
            </div>
          </div>
          <div
            class="mt-6"
          >
            <label
              class="labelLogin"
              for="password"
            >
              Password
            </label>
            <div>
              <input
                class="inputLogin inputs"
                data-testid="password"
                id="password"
                name="password"
                type="password"
                value="pass246"
              />
            </div>
          </div>
          <div>
            <button
              class="buttonLogin"
              data-testid="submit"
              type="submit"
            >
              Login
            </button>
          </div>
        </form>
      </div>
    </div>
  </body>,
  "container": <div>
    <div
      class="containerLogin"
    >
      <div
        class="brand-logo"
      />
      <h1
        class="brand-title"
        data-testid="login-heading"
      >
        Employee Poll
      </h1>
      <form>
        <div>
          <label
            class="labelLogin"
            for="username"
          >
            Username
          </label>
          <div>
            <input
              class="inputLogin inputs"
              data-testid="username"
              id="username"
              name="username"
              type="text"
              value="zoshikanlu"
            />
          </div>
        </div>
        <div
          class="mt-6"
        >
          <label
            class="labelLogin"
            for="password"
          >
            Password
          </label>
          <div>
            <input
              class="inputLogin inputs"
              data-testid="password"
              id="password"
              name="password"
              type="password"
              value="pass246"
            />
          </div>
        </div>
        <div>
          <button
            class="buttonLogin"
            data-testid="submit"
            type="submit"
          >
            Login
          </button>
        </div>
      </form>
    </div>
  </div>,
  "debug": [Function],
  "findAllByAltText": [Function],
  "findAllByDisplayValue": [Function],
  "findAllByLabelText": [Function],
  "findAllByPlaceholderText": [Function],
  "findAllByRole": [Function],
  "findAllByTestId": [Function],
  "findAllByText": [Function],
  "findAllByTitle": [Function],
  "findByAltText": [Function],
  "findByDisplayValue": [Function],
  "findByLabelText": [Function],
  "findByPlaceholderText": [Function],
  "findByRole": [Function],
  "findByTestId": [Function],
  "findByText": [Function],
  "findByTitle": [Function],
  "getAllByAltText": [Function],
  "getAllByDisplayValue": [Function],
  "getAllByLabelText": [Function],
  "getAllByPlaceholderText": [Function],
  "getAllByRole": [Function],
  "getAllByTestId": [Function],
  "getAllByText": [Function],
  "getAllByTitle": [Function],
  "getByAltText": [Function],
  "getByDisplayValue": [Function],
  "getByLabelText": [Function],
  "getByPlaceholderText": [Function],
  "getByRole": [Function],
  "getByTestId": [Function],
  "getByText": [Function],
  "getByTitle": [Function],
  "queryAllByAltText": [Function],
  "queryAllByDisplayValue": [Function],
  "queryAllByLabelText": [Function],
  "queryAllByPlaceholderText": [Function],
  "queryAllByRole": [Function],
  "queryAllByTestId": [Function],
  "queryAllByText": [Function],
  "queryAllByTitle": [Function],
  "queryByAltText": [Function],
  "queryByDisplayValue": [Function],
  "queryByLabelText": [Function],
  "queryByPlaceholderText": [Function],
  "queryByRole": [Function],
  "queryByTestId": [Function],
  "queryByText": [Function],
  "queryByTitle": [Function],
  "rerender": [Function],
  "unmount": [Function],
}
`;
