// Jest Snapshot v1, https://goo.gl/fbAQLP

exports[`NewPoll should render the component 1`] = `
Object {
  "asFragment": [Function],
  "baseElement": <body>
    <div>
      <div
        class="containerNewPoll"
      >
        <h1>
          Would you Rather
        </h1>
        <form>
          <div>
            <label
              class=""
              data-testid="firstOptionLabel"
              for="firstOption"
            >
              First Option
            </label>
            <div
              class=""
            >
              <input
                class="inputNewPoll"
                data-testid="firstOption"
                id="firstOption"
                name="firstOption"
                type="text"
                value=""
              />
            </div>
          </div>
          <div
            class="mt-3"
          >
            <label
              class="block text-sm font-medium text-slate-700"
              data-testid="secondOptionLabel"
              for="secondOption"
            >
              Second Option
            </label>
            <div
              class="mt-1"
            >
              <input
                class="inputNewPoll"
                data-testid="secondOption"
                id="secondOption"
                name="secondOption"
                type="text"
                value=""
              />
            </div>
          </div>
          <div
            class=""
          >
            <button
              class="buttonLogin"
              data-testid="submit-poll"
              type="submit"
            >
              Submit
            </button>
          </div>
        </form>
      </div>
    </div>
  </body>,
  "container": <div>
    <div
      class="containerNewPoll"
    >
      <h1>
        Would you Rather
      </h1>
      <form>
        <div>
          <label
            class=""
            data-testid="firstOptionLabel"
            for="firstOption"
          >
            First Option
          </label>
          <div
            class=""
          >
            <input
              class="inputNewPoll"
              data-testid="firstOption"
              id="firstOption"
              name="firstOption"
              type="text"
              value=""
            />
          </div>
        </div>
        <div
          class="mt-3"
        >
          <label
            class="block text-sm font-medium text-slate-700"
            data-testid="secondOptionLabel"
            for="secondOption"
          >
            Second Option
          </label>
          <div
            class="mt-1"
          >
            <input
              class="inputNewPoll"
              data-testid="secondOption"
              id="secondOption"
              name="secondOption"
              type="text"
              value=""
            />
          </div>
        </div>
        <div
          class=""
        >
          <button
            class="buttonLogin"
            data-testid="submit-poll"
            type="submit"
          >
            Submit
          </button>
        </div>
      </form>
    </div>
  </div>,
  "debug": [Function],
  "findAllByAltText": [Function],
  "findAllByDisplayValue": [Function],
  "findAllByLabelText": [Function],
  "findAllByPlaceholderText": [Function],
  "findAllByRole": [Function],
  "findAllByTestId": [Function],
  "findAllByText": [Function],
  "findAllByTitle": [Function],
  "findByAltText": [Function],
  "findByDisplayValue": [Function],
  "findByLabelText": [Function],
  "findByPlaceholderText": [Function],
  "findByRole": [Function],
  "findByTestId": [Function],
  "findByText": [Function],
  "findByTitle": [Function],
  "getAllByAltText": [Function],
  "getAllByDisplayValue": [Function],
  "getAllByLabelText": [Function],
  "getAllByPlaceholderText": [Function],
  "getAllByRole": [Function],
  "getAllByTestId": [Function],
  "getAllByText": [Function],
  "getAllByTitle": [Function],
  "getByAltText": [Function],
  "getByDisplayValue": [Function],
  "getByLabelText": [Function],
  "getByPlaceholderText": [Function],
  "getByRole": [Function],
  "getByTestId": [Function],
  "getByText": [Function],
  "getByTitle": [Function],
  "queryAllByAltText": [Function],
  "queryAllByDisplayValue": [Function],
  "queryAllByLabelText": [Function],
  "queryAllByPlaceholderText": [Function],
  "queryAllByRole": [Function],
  "queryAllByTestId": [Function],
  "queryAllByText": [Function],
  "queryAllByTitle": [Function],
  "queryByAltText": [Function],
  "queryByDisplayValue": [Function],
  "queryByLabelText": [Function],
  "queryByPlaceholderText": [Function],
  "queryByRole": [Function],
  "queryByTestId": [Function],
  "queryByText": [Function],
  "queryByTitle": [Function],
  "rerender": [Function],
  "unmount": [Function],
}
`;
